Archive member included to satisfy reference by file (symbol)

C:/ST/STM32CubeIDE_2.0.0/STM32CubeIDE/plugins/com.st.stm32cube.ide.mcu.externaltools.gnu-tools-for-stm32.13.3.rel1.win32_1.0.100.202509120712/tools/bin/../lib/gcc/arm-none-eabi/13.3.1/../../../../arm-none-eabi/lib/thumb/v6-m/nofp\libc_nano.a(libc_a-exit.o)
                              C:/ST/STM32CubeIDE_2.0.0/STM32CubeIDE/plugins/com.st.stm32cube.ide.mcu.externaltools.gnu-tools-for-stm32.13.3.rel1.win32_1.0.100.202509120712/tools/bin/../lib/gcc/arm-none-eabi/13.3.1/../../../../arm-none-eabi/lib/thumb/v6-m/nofp/crt0.o (exit)
C:/ST/STM32CubeIDE_2.0.0/STM32CubeIDE/plugins/com.st.stm32cube.ide.mcu.externaltools.gnu-tools-for-stm32.13.3.rel1.win32_1.0.100.202509120712/tools/bin/../lib/gcc/arm-none-eabi/13.3.1/../../../../arm-none-eabi/lib/thumb/v6-m/nofp\libc_nano.a(libc_a-findfp.o)
                              C:/ST/STM32CubeIDE_2.0.0/STM32CubeIDE/plugins/com.st.stm32cube.ide.mcu.externaltools.gnu-tools-for-stm32.13.3.rel1.win32_1.0.100.202509120712/tools/bin/../lib/gcc/arm-none-eabi/13.3.1/../../../../arm-none-eabi/lib/thumb/v6-m/nofp\libc_nano.a(libc_a-exit.o) (__stdio_exit_handler)
C:/ST/STM32CubeIDE_2.0.0/STM32CubeIDE/plugins/com.st.stm32cube.ide.mcu.externaltools.gnu-tools-for-stm32.13.3.rel1.win32_1.0.100.202509120712/tools/bin/../lib/gcc/arm-none-eabi/13.3.1/../../../../arm-none-eabi/lib/thumb/v6-m/nofp\libc_nano.a(libc_a-fwalk.o)
                              C:/ST/STM32CubeIDE_2.0.0/STM32CubeIDE/plugins/com.st.stm32cube.ide.mcu.externaltools.gnu-tools-for-stm32.13.3.rel1.win32_1.0.100.202509120712/tools/bin/../lib/gcc/arm-none-eabi/13.3.1/../../../../arm-none-eabi/lib/thumb/v6-m/nofp\libc_nano.a(libc_a-findfp.o) (_fwalk_sglue)
C:/ST/STM32CubeIDE_2.0.0/STM32CubeIDE/plugins/com.st.stm32cube.ide.mcu.externaltools.gnu-tools-for-stm32.13.3.rel1.win32_1.0.100.202509120712/tools/bin/../lib/gcc/arm-none-eabi/13.3.1/../../../../arm-none-eabi/lib/thumb/v6-m/nofp\libc_nano.a(libc_a-stdio.o)
                              C:/ST/STM32CubeIDE_2.0.0/STM32CubeIDE/plugins/com.st.stm32cube.ide.mcu.externaltools.gnu-tools-for-stm32.13.3.rel1.win32_1.0.100.202509120712/tools/bin/../lib/gcc/arm-none-eabi/13.3.1/../../../../arm-none-eabi/lib/thumb/v6-m/nofp\libc_nano.a(libc_a-findfp.o) (__sread)
C:/ST/STM32CubeIDE_2.0.0/STM32CubeIDE/plugins/com.st.stm32cube.ide.mcu.externaltools.gnu-tools-for-stm32.13.3.rel1.win32_1.0.100.202509120712/tools/bin/../lib/gcc/arm-none-eabi/13.3.1/../../../../arm-none-eabi/lib/thumb/v6-m/nofp\libc_nano.a(libc_a-memset.o)
                              C:/ST/STM32CubeIDE_2.0.0/STM32CubeIDE/plugins/com.st.stm32cube.ide.mcu.externaltools.gnu-tools-for-stm32.13.3.rel1.win32_1.0.100.202509120712/tools/bin/../lib/gcc/arm-none-eabi/13.3.1/../../../../arm-none-eabi/lib/thumb/v6-m/nofp/crt0.o (memset)
C:/ST/STM32CubeIDE_2.0.0/STM32CubeIDE/plugins/com.st.stm32cube.ide.mcu.externaltools.gnu-tools-for-stm32.13.3.rel1.win32_1.0.100.202509120712/tools/bin/../lib/gcc/arm-none-eabi/13.3.1/../../../../arm-none-eabi/lib/thumb/v6-m/nofp\libc_nano.a(libc_a-closer.o)
                              C:/ST/STM32CubeIDE_2.0.0/STM32CubeIDE/plugins/com.st.stm32cube.ide.mcu.externaltools.gnu-tools-for-stm32.13.3.rel1.win32_1.0.100.202509120712/tools/bin/../lib/gcc/arm-none-eabi/13.3.1/../../../../arm-none-eabi/lib/thumb/v6-m/nofp\libc_nano.a(libc_a-stdio.o) (_close_r)
C:/ST/STM32CubeIDE_2.0.0/STM32CubeIDE/plugins/com.st.stm32cube.ide.mcu.externaltools.gnu-tools-for-stm32.13.3.rel1.win32_1.0.100.202509120712/tools/bin/../lib/gcc/arm-none-eabi/13.3.1/../../../../arm-none-eabi/lib/thumb/v6-m/nofp\libc_nano.a(libc_a-reent.o)
                              C:/ST/STM32CubeIDE_2.0.0/STM32CubeIDE/plugins/com.st.stm32cube.ide.mcu.externaltools.gnu-tools-for-stm32.13.3.rel1.win32_1.0.100.202509120712/tools/bin/../lib/gcc/arm-none-eabi/13.3.1/../../../../arm-none-eabi/lib/thumb/v6-m/nofp\libc_nano.a(libc_a-closer.o) (errno)
C:/ST/STM32CubeIDE_2.0.0/STM32CubeIDE/plugins/com.st.stm32cube.ide.mcu.externaltools.gnu-tools-for-stm32.13.3.rel1.win32_1.0.100.202509120712/tools/bin/../lib/gcc/arm-none-eabi/13.3.1/../../../../arm-none-eabi/lib/thumb/v6-m/nofp\libc_nano.a(libc_a-impure.o)
                              C:/ST/STM32CubeIDE_2.0.0/STM32CubeIDE/plugins/com.st.stm32cube.ide.mcu.externaltools.gnu-tools-for-stm32.13.3.rel1.win32_1.0.100.202509120712/tools/bin/../lib/gcc/arm-none-eabi/13.3.1/../../../../arm-none-eabi/lib/thumb/v6-m/nofp\libc_nano.a(libc_a-reent.o) (_impure_ptr)
C:/ST/STM32CubeIDE_2.0.0/STM32CubeIDE/plugins/com.st.stm32cube.ide.mcu.externaltools.gnu-tools-for-stm32.13.3.rel1.win32_1.0.100.202509120712/tools/bin/../lib/gcc/arm-none-eabi/13.3.1/../../../../arm-none-eabi/lib/thumb/v6-m/nofp\libc_nano.a(libc_a-lseekr.o)
[...]
Memory Configuration

Name             Origin             Length             Attributes
RAM              0x20000000         0x00009000         xrw
FLASH            0x08000000         0x00020000         xr
*default*        0x00000000         0xffffffff

Linker script and memory map

LOAD C:/ST/STM32CubeIDE_2.0.0/STM32CubeIDE/plugins/com.st.stm32cube.ide.mcu.externaltools.gnu-tools-for-stm32.13.3.rel1.win32_1.0.100.202509120712/tools/bin/../lib/gcc/arm-none-eabi/13.3.1/thumb/v6-m/nofp/crti.o
LOAD C:/ST/STM32CubeIDE_2.0.0/STM32CubeIDE/plugins/com.st.stm32cube.ide.mcu.externaltools.gnu-tools-for-stm32.13.3.rel1.win32_1.0.100.202509120712/tools/bin/../lib/gcc/arm-none-eabi/13.3.1/thumb/v6-m/nofp/crtbegin.o
LOAD C:/ST/STM32CubeIDE_2.0.0/STM32CubeIDE/plugins/com.st.stm32cube.ide.mcu.externaltools.gnu-tools-for-stm32.13.3.rel1.win32_1.0.100.202509120712/tools/bin/../lib/gcc/arm-none-eabi/13.3.1/../../../../arm-none-eabi/lib/thumb/v6-m/nofp/crt0.o
LOAD ./Devices/bno055/bno055.o
LOAD ./Devices/bno055/bno055_debug.o
LOAD ./Devices/led/led.o
LOAD ./Drivers/gpio/gpio.o
LOAD ./Drivers/i2c/i2c.o
LOAD ./Drivers/systick/systick.o
LOAD ./Drivers/timer/timer.o
LOAD ./Drivers/timer/timer_pwm/timer_pwm.o
LOAD ./Drivers/uart/uart.o
LOAD ./Src/main.o
LOAD ./Src/syscalls.o
LOAD ./Src/sysmem.o
LOAD ./Startup/startup_stm32g070rbtx.o
LOAD ./device_instances/device_instances.o
LOAD ./init/bno055/bno055_init.o
LOAD ./init/gpio/gpio_init.o
LOAD ./init/i2c/i2c_init.o
LOAD ./init/led/led_init.o
LOAD ./init/system/system.o
LOAD ./init/systick/systick_init.o
LOAD ./init/timer/timer_init.o
LOAD ./init/timer/timer_pwm/timer_pwm_init.o
LOAD ./init/uart/uart_init.o
START GROUP
LOAD C:/ST/STM32CubeIDE_2.0.0/STM32CubeIDE/plugins/com.st.stm32cube.ide.mcu.externaltools.gnu-tools-for-stm32.13.3.rel1.win32_1.0.100.202509120712/tools/bin/../lib/gcc/arm-none-eabi/13.3.1/../../../../arm-none-eabi/lib/thumb/v6-m/nofp\libc_nano.a
LOAD C:/ST/STM32CubeIDE_2.0.0/STM32CubeIDE/plugins/com.st.stm32cube.ide.mcu.externaltools.gnu-tools-for-stm32.13.3.rel1.win32_1.0.100.202509120712/tools/bin/../lib/gcc/arm-none-eabi/13.3.1/../../../../arm-none-eabi/lib/thumb/v6-m/nofp\libm.a
END GROUP
START GROUP
LOAD C:/ST/STM32CubeIDE_2.0.0/STM32CubeIDE/plugins/com.st.stm32cube.ide.mcu.externaltools.gnu-tools-for-stm32.13.3.rel1.win32_1.0.100.202509120712/tools/bin/../lib/gcc/arm-none-eabi/13.3.1/thumb/v6-m/nofp\libgcc.a
LOAD C:/ST/STM32CubeIDE_2.0.0/STM32CubeIDE/plugins/com.st.stm32cube.ide.mcu.externaltools.gnu-tools-for-stm32.13.3.rel1.win32_1.0.100.202509120712/tools/bin/../lib/gcc/arm-none-eabi/13.3.1/../../../../arm-none-eabi/lib/thumb/v6-m/nofp\libc_nano.a
END GROUP
START GROUP
LOAD C:/ST/STM32CubeIDE_2.0.0/STM32CubeIDE/plugins/com.st.stm32cube.ide.mcu.externaltools.gnu-tools-for-stm32.13.3.rel1.win32_1.0.100.202509120712/tools/bin/../lib/gcc/arm-none-eabi/13.3.1/thumb/v6-m/nofp\libgcc.a
LOAD C:/ST/STM32CubeIDE_2.0.0/STM32CubeIDE/plugins/com.st.stm32cube.ide.mcu.externaltools.gnu-tools-for-stm32.13.3.rel1.win32_1.0.100.202509120712/tools/bin/../lib/gcc/arm-none-eabi/13.3.1/../../../../arm-none-eabi/lib/thumb/v6-m/nofp\libc_nano.a
LOAD C:/ST/STM32CubeIDE_2.0.0/STM32CubeIDE/plugins/com.st.stm32cube.ide.mcu.externaltools.gnu-tools-for-stm32.13.3.rel1.win32_1.0.100.202509120712/tools/bin/../lib/gcc/arm-none-eabi/13.3.1/../../../../arm-none-eabi/lib/thumb/v6-m/nofp\libnosys.a
END GROUP
START GROUP
LOAD C:/ST/STM32CubeIDE_2.0.0/STM32CubeIDE/plugins/com.st.stm32cube.ide.mcu.externaltools.gnu-tools-for-stm32.13.3.rel1.win32_1.0.100.202509120712/tools/bin/../lib/gcc/arm-none-eabi/13.3.1/thumb/v6-m/nofp\libgcc.a
LOAD C:/ST/STM32CubeIDE_2.0.0/STM32CubeIDE/plugins/com.st.stm32cube.ide.mcu.externaltools.gnu-tools-for-stm32.13.3.rel1.win32_1.0.100.202509120712/tools/bin/../lib/gcc/arm-none-eabi/13.3.1/../../../../arm-none-eabi/lib/thumb/v6-m/nofp\libc_nano.a
LOAD C:/ST/STM32CubeIDE_2.0.0/STM32CubeIDE/plugins/com.st.stm32cube.ide.mcu.externaltools.gnu-tools-for-stm32.13.3.rel1.win32_1.0.100.202509120712/tools/bin/../lib/gcc/arm-none-eabi/13.3.1/../../../../arm-none-eabi/lib/thumb/v6-m/nofp\libnosys.a
END GROUP
LOAD C:/ST/STM32CubeIDE_2.0.0/STM32CubeIDE/plugins/com.st.stm32cube.ide.mcu.externaltools.gnu-tools-for-stm32.13.3.rel1.win32_1.0.100.202509120712/tools/bin/../lib/gcc/arm-none-eabi/13.3.1/thumb/v6-m/nofp/crtend.o
LOAD C:/ST/STM32CubeIDE_2.0.0/STM32CubeIDE/plugins/com.st.stm32cube.ide.mcu.externaltools.gnu-tools-for-stm32.13.3.rel1.win32_1.0.100.202509120712/tools/bin/../lib/gcc/arm-none-eabi/13.3.1/thumb/v6-m/nofp/crtn.o
                0x20009000                        _estack = (ORIGIN (RAM) + LENGTH (RAM))
                0x00000200                        _Min_Heap_Size = 0x200
                0x00000400                        _Min_Stack_Size = 0x400

.isr_vector     0x08000000       0xbc
                0x08000000                        . = ALIGN (0x4)
 *(.isr_vector)
 .isr_vector    0x08000000       0xbc ./Startup/startup_stm32g070rbtx.o
                0x08000000                g_pfnVectors
                0x080000bc                        . = ALIGN (0x4)

.text           0x080000bc      0xd60
                0x080000bc                        . = ALIGN (0x4)
 *(.text)
 .text          0x080000bc       0x48 C:/ST/STM32CubeIDE_2.0.0/STM32CubeIDE/plugins/com.st.stm32cube.ide.mcu.externaltools.gnu-tools-for-stm32.13.3.rel1.win32_1.0.100.202509120712/tools/bin/../lib/gcc/arm-none-eabi/13.3.1/thumb/v6-m/nofp/crtbegin.o
 .text          0x08000104      0x114 C:/ST/STM32CubeIDE_2.0.0/STM32CubeIDE/plugins/com.st.stm32cube.ide.mcu.externaltools.gnu-tools-for-stm32.13.3.rel1.win32_1.0.100.202509120712/tools/bin/../lib/gcc/arm-none-eabi/13.3.1/thumb/v6-m/nofp\libgcc.a(_udivsi3.o)
                0x08000104                __aeabi_uidiv
                0x08000104                __udivsi3
                0x08000210                __aeabi_uidivmod
 .text          0x08000218        0x4 C:/ST/STM32CubeIDE_2.0.0/STM32CubeIDE/plugins/com.st.stm32cube.ide.mcu.externaltools.gnu-tools-for-stm32.13.3.rel1.win32_1.0.100.202509120712/tools/bin/../lib/gcc/arm-none-eabi/13.3.1/thumb/v6-m/nofp\libgcc.a(_dvmd_tls.o)
                0x08000218                __aeabi_idiv0
                0x08000218                __aeabi_ldiv0
 *(.text*)
 .text.led_init
                0x0800021c       0x9e ./Devices/led/led.o
                0x0800021c                led_init
 .text.led_toggle
                0x080002ba       0x2a ./Devices/led/led.o
                0x080002ba                led_toggle
 .text.led_set_brightness
                0x080002e4       0x2a ./Devices/led/led.o
                0x080002e4                led_set_brightness
 *fill*         0x0800030e        0x2 
 .text.gpio_enable_clock
                0x08000310       0x94 ./Drivers/gpio/gpio.o
                0x08000310                gpio_enable_clock
 .text.gpio_mode_config
                0x080003a4       0x48 ./Drivers/gpio/gpio.o
                0x080003a4                gpio_mode_config
 .text.gpio_output_type_config
                0x080003ec       0x54 ./Drivers/gpio/gpio.o
                0x080003ec                gpio_output_type_config
 .text.gpio_speed_config
                0x08000440       0x48 ./Drivers/gpio/gpio.o
                0x08000440                gpio_speed_config
 .text.gpio_pull_config
                0x08000488       0x48 ./Drivers/gpio/gpio.o
                0x08000488                gpio_pull_config
 .text.gpio_alternate_function_config
                0x080004d0       0x86 ./Drivers/gpio/gpio.o
                0x080004d0                gpio_alternate_function_config
 .text.gpio_init
                0x08000556       0x94 ./Drivers/gpio/gpio.o
                0x08000556                gpio_init
 .text.gpio_toggle
                0x080005ea       0x54 ./Drivers/gpio/gpio.o
                0x080005ea                gpio_toggle
 *fill*         0x0800063e        0x2 
 .text.systick_init
                0x08000640       0x28 ./Drivers/systick/systick.o
                0x08000640                systick_init
 .text.SysTick_Handler
                0x08000668       0x18 ./Drivers/systick/systick.o
                0x08000668                SysTick_Handler
 .text.millis   0x08000680       0x14 ./Drivers/systick/systick.o
                0x08000680                millis
 .text.__NVIC_EnableIRQ
                0x08000694       0x34 ./Drivers/timer/timer.o
 .text.timer_enable_clock
                0x080006c8       0xf4 ./Drivers/timer/timer.o
 .text.timer_get_irq
                0x080007bc       0x94 ./Drivers/timer/timer.o
 .text.timer_NVIC_interrupt_enable
                0x08000850       0x3e ./Drivers/timer/timer.o
 .text.timer_init
                0x0800088e       0xce ./Drivers/timer/timer.o
                0x0800088e                timer_init
 .text.timer_pwm_configure_duty_cycle
                0x0800095c       0x80 ./Drivers/timer/timer_pwm/timer_pwm.o
 .text.timer_pwm_get_mode_value
                0x080009dc       0x3a ./Drivers/timer/timer_pwm/timer_pwm.o
 *fill*         0x08000a16        0x2 
 .text.timer_pwm_config_channel
                0x08000a18      0x170 ./Drivers/timer/timer_pwm/timer_pwm.o
 .text.timer_pwm_init
                0x08000b88       0x7a ./Drivers/timer/timer_pwm/timer_pwm.o
                0x08000b88                timer_pwm_init
 .text.timer_pwm_set_duty_cycle
                0x08000c02       0x42 ./Drivers/timer/timer_pwm/timer_pwm.o
                0x08000c02                timer_pwm_set_duty_cycle
 .text.main     0x08000c44       0x90 ./Src/main.o
                0x08000c44                main
 .text.Reset_Handler
                0x08000cd4       0x50 ./Startup/startup_stm32g070rbtx.o
                0x08000cd4                Reset_Handler
 .text.Default_Handler
                0x08000d24        0x2 ./Startup/startup_stm32g070rbtx.o
                0x08000d24                TIM1_CC_IRQHandler
                0x08000d24                HardFault_Handler
                0x08000d24                RTC_STAMP_IRQHandler
                0x08000d24                PendSV_Handler
                0x08000d24                NMI_Handler
                0x08000d24                I2C1_IRQHandler
                0x08000d24                TIM7_LPTIM2_IRQHandler
                0x08000d24                DMA1_Channel4_5_6_7_DMAMUX_DMA2_Channel1_2_3_4_5_IRQHandler
                0x08000d24                SPI1_IRQHandler
                0x08000d24                TIM1_BRK_UP_TRG_COMP_IRQHandler
                0x08000d24                EXTI2_3_IRQHandler
                0x08000d24                I2C2_IRQHandler
                0x08000d24                TIM17_IRQHandler
                0x08000d24                TIM16_IRQHandler
                0x08000d24                TIM3_IRQHandler
                0x08000d24                EXTI4_15_IRQHandler
                0x08000d24                RCC_IRQHandler
                0x08000d24                DMA1_Channel1_IRQHandler
                0x08000d24                Default_Handler
                0x08000d24                CEC_IRQHandler
                0x08000d24                TIM14_IRQHandler
                0x08000d24                ADC_IRQHandler
                0x08000d24                TIM15_IRQHandler
                0x08000d24                EXTI0_1_IRQHandler
                0x08000d24                SPI2_IRQHandler
                0x08000d24                SVC_Handler
                0x08000d24                TIM6_DAC_LPTIM1_IRQHandler
                0x08000d24                WWDG_IRQHandler
                0x08000d24                TIM2_IRQHandler
                0x08000d24                DMA1_Channel2_3_IRQHandler
                0x08000d24                USART2_IRQHandler
                0x08000d24                FLASH_IRQHandler
                0x08000d24                USART1_IRQHandler
                0x08000d24                USART3_USART4_LPUART1_IRQHandler
 *fill*         0x08000d26        0x2 
 .text.get_pwm_led
                0x08000d28       0x10 ./device_instances/device_instances.o
                0x08000d28                get_pwm_led
 .text.get_board_led
                0x08000d38       0x10 ./device_instances/device_instances.o
                0x08000d38                get_board_led
 .text.gpio_init_all
                0x08000d48        0xa ./init/gpio/gpio_init.o
                0x08000d48                gpio_init_all
 .text.led_init_all
                0x08000d52       0x22 ./init/led/led_init.o
                0x08000d52                led_init_all
 .text.system_init
                0x08000d74       0x1a ./init/system/system.o
                0x08000d74                system_init
 .text.systick_init_all
                0x08000d8e       0x14 ./init/systick/systick_init.o
                0x08000d8e                systick_init_all
 *fill*         0x08000da2        0x2 
 .text.timer_init_all
                0x08000da4       0x18 ./init/timer/timer_init.o
                0x08000da4                timer_init_all
 .text.__libc_init_array
                0x08000dbc       0x48 C:/ST/STM32CubeIDE_2.0.0/STM32CubeIDE/plugins/com.st.stm32cube.ide.mcu.externaltools.gnu-tools-for-stm32.13.3.rel1.win32_1.0.100.202509120712/tools/bin/../lib/gcc/arm-none-eabi/13.3.1/../../../../arm-none-eabi/lib/thumb/v6-m/nofp\libc_nano.a(libc_a-init.o)
                0x08000dbc                __libc_init_array
 *(.glue_7)
 .glue_7        0x08000e04        0x0 linker stubs
 *(.glue_7t)
 .glue_7t       0x08000e04        0x0 linker stubs
 *(.eh_frame)
 .eh_frame      0x08000e04        0x0 C:/ST/STM32CubeIDE_2.0.0/STM32CubeIDE/plugins/com.st.stm32cube.ide.mcu.externaltools.gnu-tools-for-stm32.13.3.rel1.win32_1.0.100.202509120712/tools/bin/../lib/gcc/arm-none-eabi/13.3.1/thumb/v6-m/nofp/crtbegin.o
 *(.init)
 .init          0x08000e04        0x4 C:/ST/STM32CubeIDE_2.0.0/STM32CubeIDE/plugins/com.st.stm32cube.ide.mcu.externaltools.gnu-tools-for-stm32.13.3.rel1.win32_1.0.100.202509120712/tools/bin/../lib/gcc/arm-none-eabi/13.3.1/thumb/v6-m/nofp/crti.o
                0x08000e04                _init
 .init          0x08000e08        0x8 C:/ST/STM32CubeIDE_2.0.0/STM32CubeIDE/plugins/com.st.stm32cube.ide.mcu.externaltools.gnu-tools-for-stm32.13.3.rel1.win32_1.0.100.202509120712/tools/bin/../lib/gcc/arm-none-eabi/13.3.1/thumb/v6-m/nofp/crtn.o
 *(.fini)
 .fini          0x08000e10        0x4 C:/ST/STM32CubeIDE_2.0.0/STM32CubeIDE/plugins/com.st.stm32cube.ide.mcu.externaltools.gnu-tools-for-stm32.13.3.rel1.win32_1.0.100.202509120712/tools/bin/../lib/gcc/arm-none-eabi/13.3.1/thumb/v6-m/nofp/crti.o
                0x08000e10                _fini
 .fini          0x08000e14        0x8 C:/ST/STM32CubeIDE_2.0.0/STM32CubeIDE/plugins/com.st.stm32cube.ide.mcu.externaltools.gnu-tools-for-stm32.13.3.rel1.win32_1.0.100.202509120712/tools/bin/../lib/gcc/arm-none-eabi/13.3.1/thumb/v6-m/nofp/crtn.o
                0x08000e1c                        . = ALIGN (0x4)
                0x08000e1c                        _etext = .

.vfp11_veneer   0x08000e1c        0x0
 .vfp11_veneer  0x08000e1c        0x0 linker stubs

.v4_bx          0x08000e1c        0x0
 .v4_bx         0x08000e1c        0x0 linker stubs

.iplt           0x08000e1c        0x0
 .iplt          0x08000e1c        0x0 C:/ST/STM32CubeIDE_2.0.0/STM32CubeIDE/plugins/com.st.stm32cube.ide.mcu.externaltools.gnu-tools-for-stm32.13.3.rel1.win32_1.0.100.202509120712/tools/bin/../lib/gcc/arm-none-eabi/13.3.1/thumb/v6-m/nofp/crtbegin.o

.rodata         0x08000e1c        0x0
                0x08000e1c                        . = ALIGN (0x4)
 *(.rodata)
 *(.rodata*)
                0x08000e1c                        . = ALIGN (0x4)

.ARM.extab      0x08000e1c        0x0
                0x08000e1c                        . = ALIGN (0x4)
 *(.ARM.extab* .gnu.linkonce.armextab.*)
                0x08000e1c                        . = ALIGN (0x4)

.ARM            0x08000e1c        0x0
                0x08000e1c                        . = ALIGN (0x4)
                0x08000e1c                        __exidx_start = .
 *(.ARM.exidx*)
                0x08000e1c                        __exidx_end = .
                0x08000e1c                        . = ALIGN (0x4)

.preinit_array  0x08000e1c        0x0
                0x08000e1c                        . = ALIGN (0x4)
                0x08000e1c                        PROVIDE (__preinit_array_start = .)
 *(.preinit_array*)
                0x08000e1c                        PROVIDE (__preinit_array_end = .)
                0x08000e1c                        . = ALIGN (0x4)

.init_array     0x08000e1c        0x4
                0x08000e1c                        . = ALIGN (0x4)
                0x08000e1c                        PROVIDE (__init_array_start = .)
 *(SORT_BY_NAME(.init_array.*))
 *(.init_array*)
 .init_array    0x08000e1c        0x4 C:/ST/STM32CubeIDE_2.0.0/STM32CubeIDE/plugins/com.st.stm32cube.ide.mcu.externaltools.gnu-tools-for-stm32.13.3.rel1.win32_1.0.100.202509120712/tools/bin/../lib/gcc/arm-none-eabi/13.3.1/thumb/v6-m/nofp/crtbegin.o
                0x08000e20                        PROVIDE (__init_array_end = .)
                0x08000e20                        . = ALIGN (0x4)

.fini_array     0x08000e20        0x4
                0x08000e20                        . = ALIGN (0x4)
                [!provide]                        PROVIDE (__fini_array_start = .)
 *(SORT_BY_NAME(.fini_array.*))
 *(.fini_array*)
 .fini_array    0x08000e20        0x4 C:/ST/STM32CubeIDE_2.0.0/STM32CubeIDE/plugins/com.st.stm32cube.ide.mcu.externaltools.gnu-tools-for-stm32.13.3.rel1.win32_1.0.100.202509120712/tools/bin/../lib/gcc/arm-none-eabi/13.3.1/thumb/v6-m/nofp/crtbegin.o
                [!provide]                        PROVIDE (__fini_array_end = .)
                0x08000e24                        . = ALIGN (0x4)
                0x08000e24                        _sidata = LOADADDR (.data)

.rel.dyn        0x08000e24        0x0
 .rel.iplt      0x08000e24        0x0 C:/ST/STM32CubeIDE_2.0.0/STM32CubeIDE/plugins/com.st.stm32cube.ide.mcu.externaltools.gnu-tools-for-stm32.13.3.rel1.win32_1.0.100.202509120712/tools/bin/../lib/gcc/arm-none-eabi/13.3.1/thumb/v6-m/nofp/crtbegin.o

.data           0x20000000       0x38 load address 0x08000e24
                0x20000000                        . = ALIGN (0x4)
                0x20000000                        _sdata = .
 *(.data)
 *(.data*)
 .data.pwm_led_cfg
                0x20000000       0x10 ./device_instances/device_instances.o
 .data.pwm_led  0x20000010        0xc ./device_instances/device_instances.o
 .data.board_led
                0x2000001c        0xc ./device_instances/device_instances.o
 .data.tim3_cfg
                0x20000028       0x10 ./init/timer/timer_init.o
 *(.RamFunc)
 *(.RamFunc*)
                0x20000038                        . = ALIGN (0x4)
                0x20000038                        _edata = .

.igot.plt       0x20000038        0x0 load address 0x08000e5c
 .igot.plt      0x20000038        0x0 C:/ST/STM32CubeIDE_2.0.0/STM32CubeIDE/plugins/com.st.stm32cube.ide.mcu.externaltools.gnu-tools-for-stm32.13.3.rel1.win32_1.0.100.202509120712/tools/bin/../lib/gcc/arm-none-eabi/13.3.1/thumb/v6-m/nofp/crtbegin.o
                0x20000038                        . = ALIGN (0x4)

.bss            0x20000038       0x20 load address 0x08000e5c
                0x20000038                        _sbss = .
                0x20000038                        __bss_start__ = _sbss
 *(.bss)
 .bss           0x20000038       0x1c C:/ST/STM32CubeIDE_2.0.0/STM32CubeIDE/plugins/com.st.stm32cube.ide.mcu.externaltools.gnu-tools-for-stm32.13.3.rel1.win32_1.0.100.202509120712/tools/bin/../lib/gcc/arm-none-eabi/13.3.1/thumb/v6-m/nofp/crtbegin.o
 *(.bss*)
 .bss.systick_ms
                0x20000054        0x4 ./Drivers/systick/systick.o
                0x20000054                systick_ms
 *(COMMON)
                0x20000058                        . = ALIGN (0x4)
                0x20000058                        _ebss = .
                0x20000058                        __bss_end__ = _ebss

._user_heap_stack
                0x20000058      0x600 load address 0x08000e5c
                0x20000058                        . = ALIGN (0x8)
                [!provide]                        PROVIDE (end = .)
                0x20000058                        PROVIDE (_end = .)
                0x20000258                        . = (. + _Min_Heap_Size)
 *fill*         0x20000058      0x200 
                0x20000658                        . = (. + _Min_Stack_Size)
 *fill*         0x20000258      0x400 
                0x20000658                        . = ALIGN (0x8)

/DISCARD/
 libc.a(*)
 libm.a(*)
 libgcc.a(*)

.ARM.attributes
                0x00000000       0x28
 *(.ARM.attributes)
 .ARM.attributes
                0x00000000       0x1e C:/ST/STM32CubeIDE_2.0.0/STM32CubeIDE/plugins/com.st.stm32cube.ide.mcu.externaltools.gnu-tools-for-stm32.13.3.rel1.win32_1.0.100.202509120712/tools/bin/../lib/gcc/arm-none-eabi/13.3.1/thumb/v6-m/nofp/crti.o
 .ARM.attributes
                0x0000001e       0x2c C:/ST/STM32CubeIDE_2.0.0/STM32CubeIDE/plugins/com.st.stm32cube.ide.mcu.externaltools.gnu-tools-for-stm32.13.3.rel1.win32_1.0.100.202509120712/tools/bin/../lib/gcc/arm-none-eabi/13.3.1/thumb/v6-m/nofp/crtbegin.o
 .ARM.attributes
                0x0000004a       0x2c ./Devices/led/led.o
 .ARM.attributes
                0x00000076       0x2c ./Drivers/gpio/gpio.o
 .ARM.attributes
                0x000000a2       0x2c ./Drivers/systick/systick.o
 .ARM.attributes
                0x000000ce       0x2c ./Drivers/timer/timer.o
 .ARM.attributes
                0x000000fa       0x2c ./Drivers/timer/timer_pwm/timer_pwm.o
 .ARM.attributes
                0x00000126       0x2c ./Src/main.o
 .ARM.attributes
                0x00000152       0x22 ./Startup/startup_stm32g070rbtx.o
 .ARM.attributes
                0x00000174       0x2c ./device_instances/device_instances.o
 .ARM.attributes
                0x000001a0       0x2c ./init/gpio/gpio_init.o
 .ARM.attributes
                0x000001cc       0x2c ./init/led/led_init.o
 .ARM.attributes
                0x000001f8       0x2c ./init/system/system.o
 .ARM.attributes
                0x00000224       0x2c ./init/systick/systick_init.o
 .ARM.attributes
                0x00000250       0x2c ./init/timer/timer_init.o
 .ARM.attributes
                0x0000027c       0x2c C:/ST/STM32CubeIDE_2.0.0/STM32CubeIDE/plugins/com.st.stm32cube.ide.mcu.externaltools.gnu-tools-for-stm32.13.3.rel1.win32_1.0.100.202509120712/tools/bin/../lib/gcc/arm-none-eabi/13.3.1/../../../../arm-none-eabi/lib/thumb/v6-m/nofp\libc_nano.a(libc_a-init.o)
 .ARM.attributes
                0x000002a8       0x1e C:/ST/STM32CubeIDE_2.0.0/STM32CubeIDE/plugins/com.st.stm32cube.ide.mcu.externaltools.gnu-tools-for-stm32.13.3.rel1.win32_1.0.100.202509120712/tools/bin/../lib/gcc/arm-none-eabi/13.3.1/thumb/v6-m/nofp\libgcc.a(_udivsi3.o)
 .ARM.attributes
                0x000002c6       0x1e C:/ST/STM32CubeIDE_2.0.0/STM32CubeIDE/plugins/com.st.stm32cube.ide.mcu.externaltools.gnu-tools-for-stm32.13.3.rel1.win32_1.0.100.202509120712/tools/bin/../lib/gcc/arm-none-eabi/13.3.1/thumb/v6-m/nofp\libgcc.a(_dvmd_tls.o)
 .ARM.attributes
                0x000002e4       0x1e C:/ST/STM32CubeIDE_2.0.0/STM32CubeIDE/plugins/com.st.stm32cube.ide.mcu.externaltools.gnu-tools-for-stm32.13.3.rel1.win32_1.0.100.202509120712/tools/bin/../lib/gcc/arm-none-eabi/13.3.1/thumb/v6-m/nofp/crtn.o
OUTPUT(timers-pwm-led.elf elf32-littlearm)
LOAD linker stubs
LOAD C:/ST/STM32CubeIDE_2.0.0/STM32CubeIDE/plugins/com.st.stm32cube.ide.mcu.externaltools.gnu-tools-for-stm32.13.3.rel1.win32_1.0.100.202509120712/tools/bin/../lib/gcc/arm-none-eabi/13.3.1/../../../../arm-none-eabi/lib/thumb/v6-m/nofp\libc.a
LOAD C:/ST/STM32CubeIDE_2.0.0/STM32CubeIDE/plugins/com.st.stm32cube.ide.mcu.externaltools.gnu-tools-for-stm32.13.3.rel1.win32_1.0.100.202509120712/tools/bin/../lib/gcc/arm-none-eabi/13.3.1/../../../../arm-none-eabi/lib/thumb/v6-m/nofp\libm.a
LOAD C:/ST/STM32CubeIDE_2.0.0/STM32CubeIDE/plugins/com.st.stm32cube.ide.mcu.externaltools.gnu-tools-for-stm32.13.3.rel1.win32_1.0.100.202509120712/tools/bin/../lib/gcc/arm-none-eabi/13.3.1/thumb/v6-m/nofp\libgcc.a

.debug_info     0x00000000     0x2e88
 .debug_info    0x00000000      0x6ae ./Devices/led/led.o
 .debug_info    0x000006ae      0x673 ./Drivers/gpio/gpio.o
 .debug_info    0x00000d21      0x197 ./Drivers/systick/systick.o
 .debug_info    0x00000eb8      0x7c4 ./Drivers/timer/timer.o
 .debug_info    0x0000167c      0x3c3 ./Drivers/timer/timer_pwm/timer_pwm.o
 .debug_info    0x00001a3f      0x4b6 ./Src/main.o
 .debug_info    0x00001ef5       0x30 ./Startup/startup_stm32g070rbtx.o
 .debug_info    0x00001f25      0x43c ./device_instances/device_instances.o
 .debug_info    0x00002361      0x2d1 ./init/gpio/gpio_init.o
 .debug_info    0x00002632      0x419 ./init/led/led_init.o
 .debug_info    0x00002a4b       0xaa ./init/system/system.o
 .debug_info    0x00002af5       0xad ./init/systick/systick_init.o
 .debug_info    0x00002ba2      0x2e6 ./init/timer/timer_init.o

.debug_abbrev   0x00000000      0xf7e
 .debug_abbrev  0x00000000      0x1b0 ./Devices/led/led.o
 .debug_abbrev  0x000001b0      0x1a4 ./Drivers/gpio/gpio.o
 .debug_abbrev  0x00000354      0x15e ./Drivers/systick/systick.o
 .debug_abbrev  0x000004b2      0x21e ./Drivers/timer/timer.o
 .debug_abbrev  0x000006d0      0x174 ./Drivers/timer/timer_pwm/timer_pwm.o
 .debug_abbrev  0x00000844      0x184 ./Src/main.o
 .debug_abbrev  0x000009c8       0x24 ./Startup/startup_stm32g070rbtx.o
 .debug_abbrev  0x000009ec      0x126 ./device_instances/device_instances.o
 .debug_abbrev  0x00000b12      0x11d ./init/gpio/gpio_init.o
 .debug_abbrev  0x00000c2f      0x141 ./init/led/led_init.o
 .debug_abbrev  0x00000d70       0x72 ./init/system/system.o
 .debug_abbrev  0x00000de2       0x70 ./init/systick/systick_init.o
 .debug_abbrev  0x00000e52      0x12c ./init/timer/timer_init.o

.debug_aranges  0x00000000      0x2a0
 .debug_aranges
                0x00000000       0x40 ./Devices/led/led.o
 .debug_aranges
                0x00000040       0x70 ./Drivers/gpio/gpio.o
 .debug_aranges
                0x000000b0       0x40 ./Drivers/systick/systick.o
 .debug_aranges
                0x000000f0       0x60 ./Drivers/timer/timer.o
 .debug_aranges
                0x00000150       0x40 ./Drivers/timer/timer_pwm/timer_pwm.o
 .debug_aranges
                0x00000190       0x20 ./Src/main.o
 .debug_aranges
                0x000001b0       0x28 ./Startup/startup_stm32g070rbtx.o
 .debug_aranges
                0x000001d8       0x28 ./device_instances/device_instances.o
 .debug_aranges
                0x00000200       0x20 ./init/gpio/gpio_init.o
 .debug_aranges
                0x00000220       0x20 ./init/led/led_init.o
 .debug_aranges
                0x00000240       0x20 ./init/system/system.o
 .debug_aranges
                0x00000260       0x20 ./init/systick/systick_init.o
 .debug_aranges
                0x00000280       0x20 ./init/timer/timer_init.o

.debug_rnglists
                0x00000000      0x1c1
 .debug_rnglists
                0x00000000       0x2c ./Devices/led/led.o
 .debug_rnglists
                0x0000002c       0x52 ./Drivers/gpio/gpio.o
 .debug_rnglists
                0x0000007e       0x2b ./Drivers/systick/systick.o
 .debug_rnglists
                0x000000a9       0x46 ./Drivers/timer/timer.o
 .debug_rnglists
                0x000000ef       0x2d ./Drivers/timer/timer_pwm/timer_pwm.o
 .debug_rnglists
                0x0000011c       0x14 ./Src/main.o
 .debug_rnglists
                0x00000130       0x19 ./Startup/startup_stm32g070rbtx.o
 .debug_rnglists
                0x00000149       0x19 ./device_instances/device_instances.o
 .debug_rnglists
                0x00000162       0x13 ./init/gpio/gpio_init.o
 .debug_rnglists
                0x00000175       0x13 ./init/led/led_init.o
 .debug_rnglists
                0x00000188       0x13 ./init/system/system.o
 .debug_rnglists
                0x0000019b       0x13 ./init/systick/systick_init.o
 .debug_rnglists
                0x000001ae       0x13 ./init/timer/timer_init.o

.debug_macro    0x00000000      0xa12
 .debug_macro   0x00000000       0xcb ./Devices/led/led.o
 .debug_macro   0x000000cb       0xbf ./Drivers/gpio/gpio.o
 .debug_macro   0x0000018a       0xd7 ./Drivers/systick/systick.o
 .debug_macro   0x00000261       0xb9 ./Drivers/timer/timer.o
 .debug_macro   0x0000031a      0x105 ./Drivers/timer/timer_pwm/timer_pwm.o
 .debug_macro   0x0000041f       0xe9 ./Src/main.o
 .debug_macro   0x00000508       0xcf ./device_instances/device_instances.o
 .debug_macro   0x000005d7       0xc3 ./init/gpio/gpio_init.o
 .debug_macro   0x0000069a       0xd3 ./init/led/led_init.o
 .debug_macro   0x0000076d      0x11f ./init/system/system.o
 .debug_macro   0x0000088c       0xc9 ./init/systick/systick_init.o
 .debug_macro   0x00000955       0xbd ./init/timer/timer_init.o

.debug_line     0x00000000     0x4ed0
 .debug_line    0x00000000      0x6a6 ./Devices/led/led.o
 .debug_line    0x000006a6      0x79c ./Drivers/gpio/gpio.o
 .debug_line    0x00000e42      0x5b4 ./Drivers/systick/systick.o
 .debug_line    0x000013f6      0x7c9 ./Drivers/timer/timer.o
 .debug_line    0x00001bbf      0x769 ./Drivers/timer/timer_pwm/timer_pwm.o
 .debug_line    0x00002328      0x6c2 ./Src/main.o
 .debug_line    0x000029ea       0x7b ./Startup/startup_stm32g070rbtx.o
 .debug_line    0x00002a65      0x63a ./device_instances/device_instances.o
 .debug_line    0x0000309f      0x530 ./init/gpio/gpio_init.o
 .debug_line    0x000035cf      0x642 ./init/led/led_init.o
 .debug_line    0x00003c11      0x843 ./init/system/system.o
 .debug_line    0x00004454      0x542 ./init/systick/systick_init.o
 .debug_line    0x00004996      0x53a ./init/timer/timer_init.o

.debug_str      0x00000000    0x434b3
 .debug_str     0x00000000    0x434b3 ./Devices/led/led.o
                              0x42c84 (size before relaxing)
 .debug_str     0x000434b3        0x0 ./Drivers/gpio/gpio.o
                              0x42c64 (size before relaxing)
 .debug_str     0x000434b3        0x0 ./Drivers/systick/systick.o
                              0x429bd (size before relaxing)
 .debug_str     0x000434b3        0x0 ./Drivers/timer/timer.o
                              0x42d61 (size before relaxing)
 .debug_str     0x000434b3        0x0 ./Drivers/timer/timer_pwm/timer_pwm.o
                              0x42bb9 (size before relaxing)
 .debug_str     0x000434b3        0x0 ./Src/main.o
                              0x42b26 (size before relaxing)
 .debug_str     0x000434b3        0x0 ./Startup/startup_stm32g070rbtx.o
                                 0x89 (size before relaxing)
 .debug_str     0x000434b3        0x0 ./device_instances/device_instances.o
                              0x42a9f (size before relaxing)
 .debug_str     0x000434b3        0x0 ./init/gpio/gpio_init.o
                              0x42aa5 (size before relaxing)
 .debug_str     0x000434b3        0x0 ./init/led/led_init.o
                              0x42a87 (size before relaxing)
 .debug_str     0x000434b3        0x0 ./init/system/system.o
                              0x4292d (size before relaxing)
 .debug_str     0x000434b3        0x0 ./init/systick/systick_init.o
                              0x42918 (size before relaxing)
 .debug_str     0x000434b3        0x0 ./init/timer/timer_init.o
                              0x429fe (size before relaxing)

.comment        0x00000000       0x43
 .comment       0x00000000       0x43 ./Devices/led/led.o
                                 0x44 (size before relaxing)
 .comment       0x00000043        0x0 ./Drivers/gpio/gpio.o
                                 0x44 (size before relaxing)
 .comment       0x00000043        0x0 ./Drivers/systick/systick.o
                                 0x44 (size before relaxing)
 .comment       0x00000043        0x0 ./Drivers/timer/timer.o
                                 0x44 (size before relaxing)
 .comment       0x00000043        0x0 ./Drivers/timer/timer_pwm/timer_pwm.o
                                 0x44 (size before relaxing)
 .comment       0x00000043        0x0 ./Src/main.o
                                 0x44 (size before relaxing)
 .comment       0x00000043        0x0 ./device_instances/device_instances.o
                                 0x44 (size before relaxing)
 .comment       0x00000043        0x0 ./init/gpio/gpio_init.o
                                 0x44 (size before relaxing)
 .comment       0x00000043        0x0 ./init/led/led_init.o
                                 0x44 (size before relaxing)
 .comment       0x00000043        0x0 ./init/system/system.o
                                 0x44 (size before relaxing)
 .comment       0x00000043        0x0 ./init/systick/systick_init.o
                                 0x44 (size before relaxing)
 .comment       0x00000043        0x0 ./init/timer/timer_init.o
                                 0x44 (size before relaxing)

.debug_frame    0x00000000      0x65c
 .debug_frame   0x00000000       0xb0 ./Devices/led/led.o
 .debug_frame   0x000000b0      0x170 ./Drivers/gpio/gpio.o
 .debug_frame   0x00000220       0xa8 ./Drivers/systick/systick.o
 .debug_frame   0x000002c8      0x13c ./Drivers/timer/timer.o
 .debug_frame   0x00000404       0xb8 ./Drivers/timer/timer_pwm/timer_pwm.o
 .debug_frame   0x000004bc       0x30 ./Src/main.o
 .debug_frame   0x000004ec       0x48 ./device_instances/device_instances.o
 .debug_frame   0x00000534       0x2c ./init/gpio/gpio_init.o
 .debug_frame   0x00000560       0x2c ./init/led/led_init.o
 .debug_frame   0x0000058c       0x2c ./init/system/system.o
 .debug_frame   0x000005b8       0x2c ./init/systick/systick_init.o
 .debug_frame   0x000005e4       0x2c ./init/timer/timer_init.o
 .debug_frame   0x00000610       0x2c C:/ST/STM32CubeIDE_2.0.0/STM32CubeIDE/plugins/com.st.stm32cube.ide.mcu.externaltools.gnu-tools-for-stm32.13.3.rel1.win32_1.0.100.202509120712/tools/bin/../lib/gcc/arm-none-eabi/13.3.1/../../../../arm-none-eabi/lib/thumb/v6-m/nofp\libc_nano.a(libc_a-init.o)
 .debug_frame   0x0000063c       0x20 C:/ST/STM32CubeIDE_2.0.0/STM32CubeIDE/plugins/com.st.stm32cube.ide.mcu.externaltools.gnu-tools-for-stm32.13.3.rel1.win32_1.0.100.202509120712/tools/bin/../lib/gcc/arm-none-eabi/13.3.1/thumb/v6-m/nofp\libgcc.a(_udivsi3.o)

.debug_line_str
                0x00000000       0x6d
 .debug_line_str
                0x00000000       0x6d ./Startup/startup_stm32g070rbtx.o
