Archive member included to satisfy reference by file (symbol)

C:/ST/STM32CubeIDE_2.0.0/STM32CubeIDE/plugins/com.st.stm32cube.ide.mcu.externaltools.gnu-tools-for-stm32.13.3.rel1.win32_1.0.100.202509120712/tools/bin/../lib/gcc/arm-none-eabi/13.3.1/../../../../arm-none-eabi/lib/thumb/v6-m/nofp\libc_nano.a(libc_a-exit.o)
                              C:/ST/STM32CubeIDE_2.0.0/STM32CubeIDE/plugins/com.st.stm32cube.ide.mcu.externaltools.gnu-tools-for-stm32.13.3.rel1.win32_1.0.100.202509120712/tools/bin/../lib/gcc/arm-none-eabi/13.3.1/../../../../arm-none-eabi/lib/thumb/v6-m/nofp/crt0.o (exit)
C:/ST/STM32CubeIDE_2.0.0/STM32CubeIDE/plugins/com.st.stm32cube.ide.mcu.externaltools.gnu-tools-for-stm32.13.3.rel1.win32_1.0.100.202509120712/tools/bin/../lib/gcc/arm-none-eabi/13.3.1/../../../../arm-none-eabi/lib/thumb/v6-m/nofp\libc_nano.a(libc_a-findfp.o)
                              C:/ST/STM32CubeIDE_2.0.0/STM32CubeIDE/plugins/com.st.stm32cube.ide.mcu.externaltools.gnu-tools-for-stm32.13.3.rel1.win32_1.0.100.202509120712/tools/bin/../lib/gcc/arm-none-eabi/13.3.1/../../../../arm-none-eabi/lib/thumb/v6-m/nofp\libc_nano.a(libc_a-exit.o) (__stdio_exit_handler)
C:/ST/STM32CubeIDE_2.0.0/STM32CubeIDE/plugins/com.st.stm32cube.ide.mcu.externaltools.gnu-tools-for-stm32.13.3.rel1.win32_1.0.100.202509120712/tools/bin/../lib/gcc/arm-none-eabi/13.3.1/../../../../arm-none-eabi/lib/thumb/v6-m/nofp\libc_nano.a(libc_a-fwalk.o)
                              C:/ST/STM32CubeIDE_2.0.0/STM32CubeIDE/plugins/com.st.stm32cube.ide.mcu.externaltools.gnu-tools-for-stm32.13.3.rel1.win32_1.0.100.202509120712/tools/bin/../lib/gcc/arm-none-eabi/13.3.1/../../../../arm-none-eabi/lib/thumb/v6-m/nofp\libc_nano.a(libc_a-findfp.o) (_fwalk_sglue)
C:/ST/STM32CubeIDE_2.0.0/STM32CubeIDE/plugins/com.st.stm32cube.ide.mcu.externaltools.gnu-tools-for-stm32.13.3.rel1.win32_1.0.100.202509120712/tools/bin/../lib/gcc/arm-none-eabi/13.3.1/../../../../arm-none-eabi/lib/thumb/v6-m/nofp\libc_nano.a(libc_a-stdio.o)
                              C:/ST/STM32CubeIDE_2.0.0/STM32CubeIDE/plugins/com.st.stm32cube.ide.mcu.externaltools.gnu-tools-for-stm32.13.3.rel1.win32_1.0.100.202509120712/tools/bin/../lib/gcc/arm-none-eabi/13.3.1/../../../../arm-none-eabi/lib/thumb/v6-m/nofp\libc_nano.a(libc_a-findfp.o) (__sread)
C:/ST/STM32CubeIDE_2.0.0/STM32CubeIDE/plugins/com.st.stm32cube.ide.mcu.externaltools.gnu-tools-for-stm32.13.3.rel1.win32_1.0.100.202509120712/tools/bin/../lib/gcc/arm-none-eabi/13.3.1/../../../../arm-none-eabi/lib/thumb/v6-m/nofp\libc_nano.a(libc_a-memset.o)
                              C:/ST/STM32CubeIDE_2.0.0/STM32CubeIDE/plugins/com.st.stm32cube.ide.mcu.externaltools.gnu-tools-for-stm32.13.3.rel1.win32_1.0.100.202509120712/tools/bin/../lib/gcc/arm-none-eabi/13.3.1/../../../../arm-none-eabi/lib/thumb/v6-m/nofp/crt0.o (memset)
C:/ST/STM32CubeIDE_2.0.0/STM32CubeIDE/plugins/com.st.stm32cube.ide.mcu.externaltools.gnu-tools-for-stm32.13.3.rel1.win32_1.0.100.202509120712/tools/bin/../lib/gcc/arm-none-eabi/13.3.1/../../../../arm-none-eabi/lib/thumb/v6-m/nofp\libc_nano.a(libc_a-closer.o)
                              C:/ST/STM32CubeIDE_2.0.0/STM32CubeIDE/plugins/com.st.stm32cube.ide.mcu.externaltools.gnu-tools-for-stm32.13.3.rel1.win32_1.0.100.202509120712/tools/bin/../lib/gcc/arm-none-eabi/13.3.1/../../../../arm-none-eabi/lib/thumb/v6-m/nofp\libc_nano.a(libc_a-stdio.o) (_close_r)
C:/ST/STM32CubeIDE_2.0.0/STM32CubeIDE/plugins/com.st.stm32cube.ide.mcu.externaltools.gnu-tools-for-stm32.13.3.rel1.win32_1.0.100.202509120712/tools/bin/../lib/gcc/arm-none-eabi/13.3.1/../../../../arm-none-eabi/lib/thumb/v6-m/nofp\libc_nano.a(libc_a-reent.o)
                              C:/ST/STM32CubeIDE_2.0.0/STM32CubeIDE/plugins/com.st.stm32cube.ide.mcu.externaltools.gnu-tools-for-stm32.13.3.rel1.win32_1.0.100.202509120712/tools/bin/../lib/gcc/arm-none-eabi/13.3.1/../../../../arm-none-eabi/lib/thumb/v6-m/nofp\libc_nano.a(libc_a-closer.o) (errno)
C:/ST/STM32CubeIDE_2.0.0/STM32CubeIDE/plugins/com.st.stm32cube.ide.mcu.externaltools.gnu-tools-for-stm32.13.3.rel1.win32_1.0.100.202509120712/tools/bin/../lib/gcc/arm-none-eabi/13.3.1/../../../../arm-none-eabi/lib/thumb/v6-m/nofp\libc_nano.a(libc_a-impure.o)
                              C:/ST/STM32CubeIDE_2.0.0/STM32CubeIDE/plugins/com.st.stm32cube.ide.mcu.externaltools.gnu-tools-for-stm32.13.3.rel1.win32_1.0.100.202509120712/tools/bin/../lib/gcc/arm-none-eabi/13.3.1/../../../../arm-none-eabi/lib/thumb/v6-m/nofp\libc_nano.a(libc_a-reent.o) (_impure_ptr)
C:/ST/STM32CubeIDE_2.0.0/STM32CubeIDE/plugins/com.st.stm32cube.ide.mcu.externaltools.gnu-tools-for-stm32.13.3.rel1.win32_1.0.100.202509120712/tools/bin/../lib/gcc/arm-none-eabi/13.3.1/../../../../arm-none-eabi/lib/thumb/v6-m/nofp\libc_nano.a(libc_a-lseekr.o)
[...]
Memory Configuration

Name             Origin             Length             Attributes
RAM              0x20000000         0x00009000         xrw
FLASH            0x08000000         0x00020000         xr
*default*        0x00000000         0xffffffff

Linker script and memory map

LOAD C:/ST/STM32CubeIDE_2.0.0/STM32CubeIDE/plugins/com.st.stm32cube.ide.mcu.externaltools.gnu-tools-for-stm32.13.3.rel1.win32_1.0.100.202509120712/tools/bin/../lib/gcc/arm-none-eabi/13.3.1/thumb/v6-m/nofp/crti.o
LOAD C:/ST/STM32CubeIDE_2.0.0/STM32CubeIDE/plugins/com.st.stm32cube.ide.mcu.externaltools.gnu-tools-for-stm32.13.3.rel1.win32_1.0.100.202509120712/tools/bin/../lib/gcc/arm-none-eabi/13.3.1/thumb/v6-m/nofp/crtbegin.o
LOAD C:/ST/STM32CubeIDE_2.0.0/STM32CubeIDE/plugins/com.st.stm32cube.ide.mcu.externaltools.gnu-tools-for-stm32.13.3.rel1.win32_1.0.100.202509120712/tools/bin/../lib/gcc/arm-none-eabi/13.3.1/../../../../arm-none-eabi/lib/thumb/v6-m/nofp/crt0.o
LOAD ./Devices/bno055/bno055.o
LOAD ./Devices/bno055/bno055_debug.o
LOAD ./Devices/led/led.o
LOAD ./Drivers/gpio/gpio.o
LOAD ./Drivers/i2c/i2c.o
LOAD ./Drivers/systick/systick.o
LOAD ./Drivers/timer/timer.o
LOAD ./Drivers/uart/uart.o
LOAD ./Src/main.o
LOAD ./Src/syscalls.o
LOAD ./Src/sysmem.o
LOAD ./Startup/startup_stm32g070rbtx.o
LOAD ./device_instances/device_instances.o
LOAD ./init/gpio/gpio_init.o
LOAD ./init/led/led_init.o
LOAD ./init/system/system.o
LOAD ./init/systick/systick_init.o
START GROUP
LOAD C:/ST/STM32CubeIDE_2.0.0/STM32CubeIDE/plugins/com.st.stm32cube.ide.mcu.externaltools.gnu-tools-for-stm32.13.3.rel1.win32_1.0.100.202509120712/tools/bin/../lib/gcc/arm-none-eabi/13.3.1/../../../../arm-none-eabi/lib/thumb/v6-m/nofp\libc_nano.a
LOAD C:/ST/STM32CubeIDE_2.0.0/STM32CubeIDE/plugins/com.st.stm32cube.ide.mcu.externaltools.gnu-tools-for-stm32.13.3.rel1.win32_1.0.100.202509120712/tools/bin/../lib/gcc/arm-none-eabi/13.3.1/../../../../arm-none-eabi/lib/thumb/v6-m/nofp\libm.a
END GROUP
START GROUP
LOAD C:/ST/STM32CubeIDE_2.0.0/STM32CubeIDE/plugins/com.st.stm32cube.ide.mcu.externaltools.gnu-tools-for-stm32.13.3.rel1.win32_1.0.100.202509120712/tools/bin/../lib/gcc/arm-none-eabi/13.3.1/thumb/v6-m/nofp\libgcc.a
LOAD C:/ST/STM32CubeIDE_2.0.0/STM32CubeIDE/plugins/com.st.stm32cube.ide.mcu.externaltools.gnu-tools-for-stm32.13.3.rel1.win32_1.0.100.202509120712/tools/bin/../lib/gcc/arm-none-eabi/13.3.1/../../../../arm-none-eabi/lib/thumb/v6-m/nofp\libc_nano.a
END GROUP
START GROUP
LOAD C:/ST/STM32CubeIDE_2.0.0/STM32CubeIDE/plugins/com.st.stm32cube.ide.mcu.externaltools.gnu-tools-for-stm32.13.3.rel1.win32_1.0.100.202509120712/tools/bin/../lib/gcc/arm-none-eabi/13.3.1/thumb/v6-m/nofp\libgcc.a
LOAD C:/ST/STM32CubeIDE_2.0.0/STM32CubeIDE/plugins/com.st.stm32cube.ide.mcu.externaltools.gnu-tools-for-stm32.13.3.rel1.win32_1.0.100.202509120712/tools/bin/../lib/gcc/arm-none-eabi/13.3.1/../../../../arm-none-eabi/lib/thumb/v6-m/nofp\libc_nano.a
LOAD C:/ST/STM32CubeIDE_2.0.0/STM32CubeIDE/plugins/com.st.stm32cube.ide.mcu.externaltools.gnu-tools-for-stm32.13.3.rel1.win32_1.0.100.202509120712/tools/bin/../lib/gcc/arm-none-eabi/13.3.1/../../../../arm-none-eabi/lib/thumb/v6-m/nofp\libnosys.a
END GROUP
START GROUP
LOAD C:/ST/STM32CubeIDE_2.0.0/STM32CubeIDE/plugins/com.st.stm32cube.ide.mcu.externaltools.gnu-tools-for-stm32.13.3.rel1.win32_1.0.100.202509120712/tools/bin/../lib/gcc/arm-none-eabi/13.3.1/thumb/v6-m/nofp\libgcc.a
LOAD C:/ST/STM32CubeIDE_2.0.0/STM32CubeIDE/plugins/com.st.stm32cube.ide.mcu.externaltools.gnu-tools-for-stm32.13.3.rel1.win32_1.0.100.202509120712/tools/bin/../lib/gcc/arm-none-eabi/13.3.1/../../../../arm-none-eabi/lib/thumb/v6-m/nofp\libc_nano.a
LOAD C:/ST/STM32CubeIDE_2.0.0/STM32CubeIDE/plugins/com.st.stm32cube.ide.mcu.externaltools.gnu-tools-for-stm32.13.3.rel1.win32_1.0.100.202509120712/tools/bin/../lib/gcc/arm-none-eabi/13.3.1/../../../../arm-none-eabi/lib/thumb/v6-m/nofp\libnosys.a
END GROUP
LOAD C:/ST/STM32CubeIDE_2.0.0/STM32CubeIDE/plugins/com.st.stm32cube.ide.mcu.externaltools.gnu-tools-for-stm32.13.3.rel1.win32_1.0.100.202509120712/tools/bin/../lib/gcc/arm-none-eabi/13.3.1/thumb/v6-m/nofp/crtend.o
LOAD C:/ST/STM32CubeIDE_2.0.0/STM32CubeIDE/plugins/com.st.stm32cube.ide.mcu.externaltools.gnu-tools-for-stm32.13.3.rel1.win32_1.0.100.202509120712/tools/bin/../lib/gcc/arm-none-eabi/13.3.1/thumb/v6-m/nofp/crtn.o
                0x20009000                        _estack = (ORIGIN (RAM) + LENGTH (RAM))
                0x00000200                        _Min_Heap_Size = 0x200
                0x00000400                        _Min_Stack_Size = 0x400

.isr_vector     0x08000000       0xbc
                0x08000000                        . = ALIGN (0x4)
 *(.isr_vector)
 .isr_vector    0x08000000       0xbc ./Startup/startup_stm32g070rbtx.o
                0x08000000                g_pfnVectors
                0x080000bc                        . = ALIGN (0x4)

.text           0x080000bc      0x580
                0x080000bc                        . = ALIGN (0x4)
 *(.text)
 .text          0x080000bc       0x48 C:/ST/STM32CubeIDE_2.0.0/STM32CubeIDE/plugins/com.st.stm32cube.ide.mcu.externaltools.gnu-tools-for-stm32.13.3.rel1.win32_1.0.100.202509120712/tools/bin/../lib/gcc/arm-none-eabi/13.3.1/thumb/v6-m/nofp/crtbegin.o
 *(.text*)
 .text.led_init
                0x08000104       0x48 ./Devices/led/led.o
                0x08000104                led_init
 .text.led_toggle
                0x0800014c       0x20 ./Devices/led/led.o
                0x0800014c                led_toggle
 .text.gpio_enable_clock
                0x0800016c       0x94 ./Drivers/gpio/gpio.o
                0x0800016c                gpio_enable_clock
 .text.gpio_mode_config
                0x08000200       0x48 ./Drivers/gpio/gpio.o
                0x08000200                gpio_mode_config
 .text.gpio_output_type_config
                0x08000248       0x54 ./Drivers/gpio/gpio.o
                0x08000248                gpio_output_type_config
 .text.gpio_speed_config
                0x0800029c       0x48 ./Drivers/gpio/gpio.o
                0x0800029c                gpio_speed_config
 .text.gpio_pull_config
                0x080002e4       0x48 ./Drivers/gpio/gpio.o
                0x080002e4                gpio_pull_config
 .text.gpio_alternate_function_config
                0x0800032c       0x86 ./Drivers/gpio/gpio.o
                0x0800032c                gpio_alternate_function_config
 .text.gpio_init
                0x080003b2       0x94 ./Drivers/gpio/gpio.o
                0x080003b2                gpio_init
 .text.gpio_toggle
                0x08000446       0x54 ./Drivers/gpio/gpio.o
                0x08000446                gpio_toggle
 *fill*         0x0800049a        0x2 
 .text.systick_init
                0x0800049c       0x28 ./Drivers/systick/systick.o
                0x0800049c                systick_init
 .text.SysTick_Handler
                0x080004c4       0x18 ./Drivers/systick/systick.o
                0x080004c4                SysTick_Handler
 .text.systick_delay_ms
                0x080004dc       0x38 ./Drivers/systick/systick.o
                0x080004dc                systick_delay_ms
 .text.main     0x08000514       0x28 ./Src/main.o
                0x08000514                main
 .text.Reset_Handler
                0x0800053c       0x50 ./Startup/startup_stm32g070rbtx.o
                0x0800053c                Reset_Handler
 .text.Default_Handler
                0x0800058c        0x2 ./Startup/startup_stm32g070rbtx.o
                0x0800058c                TIM1_CC_IRQHandler
                0x0800058c                HardFault_Handler
                0x0800058c                RTC_STAMP_IRQHandler
                0x0800058c                PendSV_Handler
                0x0800058c                NMI_Handler
                0x0800058c                I2C1_IRQHandler
                0x0800058c                TIM7_LPTIM2_IRQHandler
                0x0800058c                DMA1_Channel4_5_6_7_DMAMUX_DMA2_Channel1_2_3_4_5_IRQHandler
                0x0800058c                SPI1_IRQHandler
                0x0800058c                TIM1_BRK_UP_TRG_COMP_IRQHandler
                0x0800058c                EXTI2_3_IRQHandler
                0x0800058c                I2C2_IRQHandler
                0x0800058c                TIM17_IRQHandler
                0x0800058c                TIM16_IRQHandler
                0x0800058c                TIM3_IRQHandler
                0x0800058c                EXTI4_15_IRQHandler
                0x0800058c                RCC_IRQHandler
                0x0800058c                DMA1_Channel1_IRQHandler
                0x0800058c                Default_Handler
                0x0800058c                CEC_IRQHandler
                0x0800058c                TIM14_IRQHandler
                0x0800058c                ADC_IRQHandler
                0x0800058c                TIM15_IRQHandler
                0x0800058c                EXTI0_1_IRQHandler
                0x0800058c                SPI2_IRQHandler
                0x0800058c                SVC_Handler
                0x0800058c                TIM6_DAC_LPTIM1_IRQHandler
                0x0800058c                WWDG_IRQHandler
                0x0800058c                TIM2_IRQHandler
                0x0800058c                DMA1_Channel2_3_IRQHandler
                0x0800058c                USART2_IRQHandler
                0x0800058c                FLASH_IRQHandler
                0x0800058c                USART1_IRQHandler
                0x0800058c                USART3_USART4_LPUART1_IRQHandler
 *fill*         0x0800058e        0x2 
 .text.get_led1
                0x08000590       0x10 ./device_instances/device_instances.o
                0x08000590                get_led1
 .text.led_init_all
                0x080005a0       0x16 ./init/led/led_init.o
                0x080005a0                led_init_all
 .text.system_init
                0x080005b6       0x12 ./init/system/system.o
                0x080005b6                system_init
 .text.systick_init_all
                0x080005c8       0x14 ./init/systick/systick_init.o
                0x080005c8                systick_init_all
 .text.__libc_init_array
                0x080005dc       0x48 C:/ST/STM32CubeIDE_2.0.0/STM32CubeIDE/plugins/com.st.stm32cube.ide.mcu.externaltools.gnu-tools-for-stm32.13.3.rel1.win32_1.0.100.202509120712/tools/bin/../lib/gcc/arm-none-eabi/13.3.1/../../../../arm-none-eabi/lib/thumb/v6-m/nofp\libc_nano.a(libc_a-init.o)
                0x080005dc                __libc_init_array
 *(.glue_7)
 .glue_7        0x08000624        0x0 linker stubs
 *(.glue_7t)
 .glue_7t       0x08000624        0x0 linker stubs
 *(.eh_frame)
 .eh_frame      0x08000624        0x0 C:/ST/STM32CubeIDE_2.0.0/STM32CubeIDE/plugins/com.st.stm32cube.ide.mcu.externaltools.gnu-tools-for-stm32.13.3.rel1.win32_1.0.100.202509120712/tools/bin/../lib/gcc/arm-none-eabi/13.3.1/thumb/v6-m/nofp/crtbegin.o
 *(.init)
 .init          0x08000624        0x4 C:/ST/STM32CubeIDE_2.0.0/STM32CubeIDE/plugins/com.st.stm32cube.ide.mcu.externaltools.gnu-tools-for-stm32.13.3.rel1.win32_1.0.100.202509120712/tools/bin/../lib/gcc/arm-none-eabi/13.3.1/thumb/v6-m/nofp/crti.o
                0x08000624                _init
 .init          0x08000628        0x8 C:/ST/STM32CubeIDE_2.0.0/STM32CubeIDE/plugins/com.st.stm32cube.ide.mcu.externaltools.gnu-tools-for-stm32.13.3.rel1.win32_1.0.100.202509120712/tools/bin/../lib/gcc/arm-none-eabi/13.3.1/thumb/v6-m/nofp/crtn.o
 *(.fini)
 .fini          0x08000630        0x4 C:/ST/STM32CubeIDE_2.0.0/STM32CubeIDE/plugins/com.st.stm32cube.ide.mcu.externaltools.gnu-tools-for-stm32.13.3.rel1.win32_1.0.100.202509120712/tools/bin/../lib/gcc/arm-none-eabi/13.3.1/thumb/v6-m/nofp/crti.o
                0x08000630                _fini
 .fini          0x08000634        0x8 C:/ST/STM32CubeIDE_2.0.0/STM32CubeIDE/plugins/com.st.stm32cube.ide.mcu.externaltools.gnu-tools-for-stm32.13.3.rel1.win32_1.0.100.202509120712/tools/bin/../lib/gcc/arm-none-eabi/13.3.1/thumb/v6-m/nofp/crtn.o
                0x0800063c                        . = ALIGN (0x4)
                0x0800063c                        _etext = .

.vfp11_veneer   0x0800063c        0x0
 .vfp11_veneer  0x0800063c        0x0 linker stubs

.v4_bx          0x0800063c        0x0
 .v4_bx         0x0800063c        0x0 linker stubs

.iplt           0x0800063c        0x0
 .iplt          0x0800063c        0x0 C:/ST/STM32CubeIDE_2.0.0/STM32CubeIDE/plugins/com.st.stm32cube.ide.mcu.externaltools.gnu-tools-for-stm32.13.3.rel1.win32_1.0.100.202509120712/tools/bin/../lib/gcc/arm-none-eabi/13.3.1/thumb/v6-m/nofp/crtbegin.o

.rodata         0x0800063c        0x0
                0x0800063c                        . = ALIGN (0x4)
 *(.rodata)
 *(.rodata*)
                0x0800063c                        . = ALIGN (0x4)

.ARM.extab      0x0800063c        0x0
                0x0800063c                        . = ALIGN (0x4)
 *(.ARM.extab* .gnu.linkonce.armextab.*)
                0x0800063c                        . = ALIGN (0x4)

.ARM            0x0800063c        0x0
                0x0800063c                        . = ALIGN (0x4)
                0x0800063c                        __exidx_start = .
 *(.ARM.exidx*)
                0x0800063c                        __exidx_end = .
                0x0800063c                        . = ALIGN (0x4)

.preinit_array  0x0800063c        0x0
                0x0800063c                        . = ALIGN (0x4)
                0x0800063c                        PROVIDE (__preinit_array_start = .)
 *(.preinit_array*)
                0x0800063c                        PROVIDE (__preinit_array_end = .)
                0x0800063c                        . = ALIGN (0x4)

.init_array     0x0800063c        0x4
                0x0800063c                        . = ALIGN (0x4)
                0x0800063c                        PROVIDE (__init_array_start = .)
 *(SORT_BY_NAME(.init_array.*))
 *(.init_array*)
 .init_array    0x0800063c        0x4 C:/ST/STM32CubeIDE_2.0.0/STM32CubeIDE/plugins/com.st.stm32cube.ide.mcu.externaltools.gnu-tools-for-stm32.13.3.rel1.win32_1.0.100.202509120712/tools/bin/../lib/gcc/arm-none-eabi/13.3.1/thumb/v6-m/nofp/crtbegin.o
                0x08000640                        PROVIDE (__init_array_end = .)
                0x08000640                        . = ALIGN (0x4)

.fini_array     0x08000640        0x4
                0x08000640                        . = ALIGN (0x4)
                [!provide]                        PROVIDE (__fini_array_start = .)
 *(SORT_BY_NAME(.fini_array.*))
 *(.fini_array*)
 .fini_array    0x08000640        0x4 C:/ST/STM32CubeIDE_2.0.0/STM32CubeIDE/plugins/com.st.stm32cube.ide.mcu.externaltools.gnu-tools-for-stm32.13.3.rel1.win32_1.0.100.202509120712/tools/bin/../lib/gcc/arm-none-eabi/13.3.1/thumb/v6-m/nofp/crtbegin.o
                [!provide]                        PROVIDE (__fini_array_end = .)
                0x08000644                        . = ALIGN (0x4)
                0x08000644                        _sidata = LOADADDR (.data)

.rel.dyn        0x08000644        0x0
 .rel.iplt      0x08000644        0x0 C:/ST/STM32CubeIDE_2.0.0/STM32CubeIDE/plugins/com.st.stm32cube.ide.mcu.externaltools.gnu-tools-for-stm32.13.3.rel1.win32_1.0.100.202509120712/tools/bin/../lib/gcc/arm-none-eabi/13.3.1/thumb/v6-m/nofp/crtbegin.o

.data           0x20000000        0x8 load address 0x08000644
                0x20000000                        . = ALIGN (0x4)
                0x20000000                        _sdata = .
 *(.data)
 *(.data*)
 .data.LED1     0x20000000        0x8 ./device_instances/device_instances.o
 *(.RamFunc)
 *(.RamFunc*)
                0x20000008                        . = ALIGN (0x4)
                0x20000008                        _edata = .

.igot.plt       0x20000008        0x0 load address 0x0800064c
 .igot.plt      0x20000008        0x0 C:/ST/STM32CubeIDE_2.0.0/STM32CubeIDE/plugins/com.st.stm32cube.ide.mcu.externaltools.gnu-tools-for-stm32.13.3.rel1.win32_1.0.100.202509120712/tools/bin/../lib/gcc/arm-none-eabi/13.3.1/thumb/v6-m/nofp/crtbegin.o
                0x20000008                        . = ALIGN (0x4)

.bss            0x20000008       0x20 load address 0x0800064c
                0x20000008                        _sbss = .
                0x20000008                        __bss_start__ = _sbss
 *(.bss)
 .bss           0x20000008       0x1c C:/ST/STM32CubeIDE_2.0.0/STM32CubeIDE/plugins/com.st.stm32cube.ide.mcu.externaltools.gnu-tools-for-stm32.13.3.rel1.win32_1.0.100.202509120712/tools/bin/../lib/gcc/arm-none-eabi/13.3.1/thumb/v6-m/nofp/crtbegin.o
 *(.bss*)
 .bss.systick_ms
                0x20000024        0x4 ./Drivers/systick/systick.o
                0x20000024                systick_ms
 *(COMMON)
                0x20000028                        . = ALIGN (0x4)
                0x20000028                        _ebss = .
                0x20000028                        __bss_end__ = _ebss

._user_heap_stack
                0x20000028      0x600 load address 0x0800064c
                0x20000028                        . = ALIGN (0x8)
                [!provide]                        PROVIDE (end = .)
                0x20000028                        PROVIDE (_end = .)
                0x20000228                        . = (. + _Min_Heap_Size)
 *fill*         0x20000028      0x200 
                0x20000628                        . = (. + _Min_Stack_Size)
 *fill*         0x20000228      0x400 
                0x20000628                        . = ALIGN (0x8)

/DISCARD/
 libc.a(*)
 libm.a(*)
 libgcc.a(*)

.ARM.attributes
                0x00000000       0x28
 *(.ARM.attributes)
 .ARM.attributes
                0x00000000       0x1e C:/ST/STM32CubeIDE_2.0.0/STM32CubeIDE/plugins/com.st.stm32cube.ide.mcu.externaltools.gnu-tools-for-stm32.13.3.rel1.win32_1.0.100.202509120712/tools/bin/../lib/gcc/arm-none-eabi/13.3.1/thumb/v6-m/nofp/crti.o
 .ARM.attributes
                0x0000001e       0x2c C:/ST/STM32CubeIDE_2.0.0/STM32CubeIDE/plugins/com.st.stm32cube.ide.mcu.externaltools.gnu-tools-for-stm32.13.3.rel1.win32_1.0.100.202509120712/tools/bin/../lib/gcc/arm-none-eabi/13.3.1/thumb/v6-m/nofp/crtbegin.o
 .ARM.attributes
                0x0000004a       0x2c ./Devices/led/led.o
 .ARM.attributes
                0x00000076       0x2c ./Drivers/gpio/gpio.o
 .ARM.attributes
                0x000000a2       0x2c ./Drivers/systick/systick.o
 .ARM.attributes
                0x000000ce       0x2c ./Src/main.o
 .ARM.attributes
                0x000000fa       0x22 ./Startup/startup_stm32g070rbtx.o
 .ARM.attributes
                0x0000011c       0x2c ./device_instances/device_instances.o
 .ARM.attributes
                0x00000148       0x2c ./init/led/led_init.o
 .ARM.attributes
                0x00000174       0x2c ./init/system/system.o
 .ARM.attributes
                0x000001a0       0x2c ./init/systick/systick_init.o
 .ARM.attributes
                0x000001cc       0x2c C:/ST/STM32CubeIDE_2.0.0/STM32CubeIDE/plugins/com.st.stm32cube.ide.mcu.externaltools.gnu-tools-for-stm32.13.3.rel1.win32_1.0.100.202509120712/tools/bin/../lib/gcc/arm-none-eabi/13.3.1/../../../../arm-none-eabi/lib/thumb/v6-m/nofp\libc_nano.a(libc_a-init.o)
 .ARM.attributes
                0x000001f8       0x1e C:/ST/STM32CubeIDE_2.0.0/STM32CubeIDE/plugins/com.st.stm32cube.ide.mcu.externaltools.gnu-tools-for-stm32.13.3.rel1.win32_1.0.100.202509120712/tools/bin/../lib/gcc/arm-none-eabi/13.3.1/thumb/v6-m/nofp/crtn.o
OUTPUT(timers-pwm-led.elf elf32-littlearm)
LOAD linker stubs
LOAD C:/ST/STM32CubeIDE_2.0.0/STM32CubeIDE/plugins/com.st.stm32cube.ide.mcu.externaltools.gnu-tools-for-stm32.13.3.rel1.win32_1.0.100.202509120712/tools/bin/../lib/gcc/arm-none-eabi/13.3.1/../../../../arm-none-eabi/lib/thumb/v6-m/nofp\libc.a
LOAD C:/ST/STM32CubeIDE_2.0.0/STM32CubeIDE/plugins/com.st.stm32cube.ide.mcu.externaltools.gnu-tools-for-stm32.13.3.rel1.win32_1.0.100.202509120712/tools/bin/../lib/gcc/arm-none-eabi/13.3.1/../../../../arm-none-eabi/lib/thumb/v6-m/nofp\libm.a
LOAD C:/ST/STM32CubeIDE_2.0.0/STM32CubeIDE/plugins/com.st.stm32cube.ide.mcu.externaltools.gnu-tools-for-stm32.13.3.rel1.win32_1.0.100.202509120712/tools/bin/../lib/gcc/arm-none-eabi/13.3.1/thumb/v6-m/nofp\libgcc.a

.debug_info     0x00000000     0x12a4
 .debug_info    0x00000000      0x3e1 ./Devices/led/led.o
 .debug_info    0x000003e1      0x673 ./Drivers/gpio/gpio.o
 .debug_info    0x00000a54      0x197 ./Drivers/systick/systick.o
 .debug_info    0x00000beb      0x1e1 ./Src/main.o
 .debug_info    0x00000dcc       0x30 ./Startup/startup_stm32g070rbtx.o
 .debug_info    0x00000dfc      0x1ad ./device_instances/device_instances.o
 .debug_info    0x00000fa9      0x1b5 ./init/led/led_init.o
 .debug_info    0x0000115e       0x99 ./init/system/system.o
 .debug_info    0x000011f7       0xad ./init/systick/systick_init.o

.debug_abbrev   0x00000000      0x8d1
 .debug_abbrev  0x00000000      0x16d ./Devices/led/led.o
 .debug_abbrev  0x0000016d      0x1a4 ./Drivers/gpio/gpio.o
 .debug_abbrev  0x00000311      0x15e ./Drivers/systick/systick.o
 .debug_abbrev  0x0000046f      0x144 ./Src/main.o
 .debug_abbrev  0x000005b3       0x24 ./Startup/startup_stm32g070rbtx.o
 .debug_abbrev  0x000005d7       0xff ./device_instances/device_instances.o
 .debug_abbrev  0x000006d6      0x11b ./init/led/led_init.o
 .debug_abbrev  0x000007f1       0x70 ./init/system/system.o
 .debug_abbrev  0x00000861       0x70 ./init/systick/systick_init.o

.debug_aranges  0x00000000      0x1b0
 .debug_aranges
                0x00000000       0x38 ./Devices/led/led.o
 .debug_aranges
                0x00000038       0x70 ./Drivers/gpio/gpio.o
 .debug_aranges
                0x000000a8       0x40 ./Drivers/systick/systick.o
 .debug_aranges
                0x000000e8       0x20 ./Src/main.o
 .debug_aranges
                0x00000108       0x28 ./Startup/startup_stm32g070rbtx.o
 .debug_aranges
                0x00000130       0x20 ./device_instances/device_instances.o
 .debug_aranges
                0x00000150       0x20 ./init/led/led_init.o
 .debug_aranges
                0x00000170       0x20 ./init/system/system.o
 .debug_aranges
                0x00000190       0x20 ./init/systick/systick_init.o

.debug_rnglists
                0x00000000      0x11a
 .debug_rnglists
                0x00000000       0x25 ./Devices/led/led.o
 .debug_rnglists
                0x00000025       0x52 ./Drivers/gpio/gpio.o
 .debug_rnglists
                0x00000077       0x2b ./Drivers/systick/systick.o
 .debug_rnglists
                0x000000a2       0x13 ./Src/main.o
 .debug_rnglists
                0x000000b5       0x19 ./Startup/startup_stm32g070rbtx.o
 .debug_rnglists
                0x000000ce       0x13 ./device_instances/device_instances.o
 .debug_rnglists
                0x000000e1       0x13 ./init/led/led_init.o
 .debug_rnglists
                0x000000f4       0x13 ./init/system/system.o
 .debug_rnglists
                0x00000107       0x13 ./init/systick/systick_init.o

.debug_macro    0x00000000      0x658
 .debug_macro   0x00000000       0xc3 ./Devices/led/led.o
 .debug_macro   0x000000c3       0xbf ./Drivers/gpio/gpio.o
 .debug_macro   0x00000182       0xd7 ./Drivers/systick/systick.o
 .debug_macro   0x00000259       0xd5 ./Src/main.o
 .debug_macro   0x0000032e       0xc3 ./device_instances/device_instances.o
 .debug_macro   0x000003f1       0xcb ./init/led/led_init.o
 .debug_macro   0x000004bc       0xd3 ./init/system/system.o
 .debug_macro   0x0000058f       0xc9 ./init/systick/systick_init.o

.debug_line     0x00000000     0x2f92
 .debug_line    0x00000000      0x5a6 ./Devices/led/led.o
 .debug_line    0x000005a6      0x79c ./Drivers/gpio/gpio.o
 .debug_line    0x00000d42      0x5b4 ./Drivers/systick/systick.o
 .debug_line    0x000012f6      0x5f3 ./Src/main.o
 .debug_line    0x000018e9       0x7b ./Startup/startup_stm32g070rbtx.o
 .debug_line    0x00001964      0x573 ./device_instances/device_instances.o
 .debug_line    0x00001ed7      0x5a2 ./init/led/led_init.o
 .debug_line    0x00002479      0x5d7 ./init/system/system.o
 .debug_line    0x00002a50      0x542 ./init/systick/systick_init.o

.debug_str      0x00000000    0x42d83
 .debug_str     0x00000000    0x42d83 ./Devices/led/led.o
                              0x42b26 (size before relaxing)
 .debug_str     0x00042d83        0x0 ./Drivers/gpio/gpio.o
                              0x42c64 (size before relaxing)
 .debug_str     0x00042d83        0x0 ./Drivers/systick/systick.o
                              0x429bd (size before relaxing)
 .debug_str     0x00042d83        0x0 ./Src/main.o
                              0x42958 (size before relaxing)
 .debug_str     0x00042d83        0x0 ./Startup/startup_stm32g070rbtx.o
                                 0x89 (size before relaxing)
 .debug_str     0x00042d83        0x0 ./device_instances/device_instances.o
                              0x42938 (size before relaxing)
 .debug_str     0x00042d83        0x0 ./init/led/led_init.o
                              0x42939 (size before relaxing)
 .debug_str     0x00042d83        0x0 ./init/system/system.o
                              0x428e2 (size before relaxing)
 .debug_str     0x00042d83        0x0 ./init/systick/systick_init.o
                              0x4290c (size before relaxing)

.comment        0x00000000       0x43
 .comment       0x00000000       0x43 ./Devices/led/led.o
                                 0x44 (size before relaxing)
 .comment       0x00000043        0x0 ./Drivers/gpio/gpio.o
                                 0x44 (size before relaxing)
 .comment       0x00000043        0x0 ./Drivers/systick/systick.o
                                 0x44 (size before relaxing)
 .comment       0x00000043        0x0 ./Src/main.o
                                 0x44 (size before relaxing)
 .comment       0x00000043        0x0 ./device_instances/device_instances.o
                                 0x44 (size before relaxing)
 .comment       0x00000043        0x0 ./init/led/led_init.o
                                 0x44 (size before relaxing)
 .comment       0x00000043        0x0 ./init/system/system.o
                                 0x44 (size before relaxing)
 .comment       0x00000043        0x0 ./init/systick/systick_init.o
                                 0x44 (size before relaxing)

.debug_frame    0x00000000      0x3b4
 .debug_frame   0x00000000       0x90 ./Devices/led/led.o
 .debug_frame   0x00000090      0x170 ./Drivers/gpio/gpio.o
 .debug_frame   0x00000200       0xa8 ./Drivers/systick/systick.o
 .debug_frame   0x000002a8       0x30 ./Src/main.o
 .debug_frame   0x000002d8       0x2c ./device_instances/device_instances.o
 .debug_frame   0x00000304       0x2c ./init/led/led_init.o
 .debug_frame   0x00000330       0x2c ./init/system/system.o
 .debug_frame   0x0000035c       0x2c ./init/systick/systick_init.o
 .debug_frame   0x00000388       0x2c C:/ST/STM32CubeIDE_2.0.0/STM32CubeIDE/plugins/com.st.stm32cube.ide.mcu.externaltools.gnu-tools-for-stm32.13.3.rel1.win32_1.0.100.202509120712/tools/bin/../lib/gcc/arm-none-eabi/13.3.1/../../../../arm-none-eabi/lib/thumb/v6-m/nofp\libc_nano.a(libc_a-init.o)

.debug_line_str
                0x00000000       0x6d
 .debug_line_str
                0x00000000       0x6d ./Startup/startup_stm32g070rbtx.o
